
                                                        UNION BANK OF INDIA
                                                   RATHYATRA CROSSING - VARANASI
                                                 MAHRAJA BAGH, RATHYATRA CROSSING,
                                                58/52-A-2, VARANASI, UTTAR PRADESH,
                                                        PHONE: 2361784,2361785
  TO:                                                                                                             DATE: 07-07-2013
    M/S RRB ATM TRANSACTION ACCOUNT -KGSG BANK VARANASI
    MAHMOORGANJ,VARANASI
    VARANASIMAHMOORGANJ,VARANASI
    VARANASI-221010
    UTTAR PRADESH,INDIA                                         CUST ID : 111073238      EMAIL ID:kgsgbank@sancharnet.in
    Village   : 801235 -Varanasi (M Corp.)

    STATEMENT OF ACCOUNT FOR THE PERIOD FROM 25-04-2013 to 30-06-2013  CABAN-A/C NO: 360601020050007  CD BANKS   (CD BANKS)INR
------------------------------------------------------------------------------------------------------------------------------------
 DATE      PARTICULARS                                             CHQ.NO.      WITHDRAWALS           DEPOSITS            BALANCE
------------------------------------------------------------------------------------------------------------------------------------

25-04-2013 B/F                                                                                 3,14,03,996.21      3,14,03,996.21Cr
25-04-2013 BALANCE TRANSFER FROM :519402230170000                                                     4,500.00     3,14,08,496.21Cr
                 MUMBAI,ATM CELL, MUMBAI
25-04-2013 BALANCE TRANSFER FROM :519408250304000                              66,80,600.00                        2,47,27,896.21Cr
                 MUMBAI,ATM CELL, MUMBAI
26-04-2013 BY TRF                                                                               2,75,00,000.00     5,22,27,896.21Cr
26-04-2013 445860 15-APR-13 5085104413000107                                       2,500.00                        5,22,25,396.21Cr
                 MUMBAI,ATM CELL, MUMBAI
26-04-2013 5333 11.04.135040196804001292                                                             10,000.00     5,22,35,396.21Cr
                 MUMBAI,ATM CELL, MUMBAI
26-04-2013 RRB ISUER TXN 15.4.13 TO 23.4.13                                    84,19,200.00                        4,38,16,196.21Cr
                 MUMBAI,ATM CELL, MUMBAI
26-04-2013 RRB ISUER TXN 15.4.13 TO 23.4.13                                  3,07,23,100.00                        1,30,93,096.21Cr
                 MUMBAI,ATM CELL, MUMBAI
26-04-2013 RRB ISUER TXN 15.4.13 TO 23.4.13                                     6,64,000.00                        1,24,29,096.21Cr
                 MUMBAI,ATM CELL, MUMBAI
26-04-2013 RRB AQUIRER TXN 16.4.13 TO 23.4.13                                                      5,89,500.00     1,30,18,596.21Cr
                 MUMBAI,ATM CELL, MUMBAI
26-04-2013 BALANCE TRANSFER FROM :519408250304000                              41,99,400.00                          88,19,196.21Cr
                 MUMBAI,ATM CELL, MUMBAI
27-04-2013  A4-219/2013                                                                         1,37,00,000.00     2,25,19,196.21Cr
27-04-2013 3952CD5040191150001228                                                                    10,000.00     2,25,29,196.21Cr
                 MUMBAI,ATM CELL, MUMBAI
27-04-2013 BALANCE TRANSFER FROM :519408250304000                              35,95,300.00                        1,89,33,896.21Cr
                 MUMBAI,ATM CELL, MUMBAI
29-04-2013 5352  15.04.2013 5040196613027066 DOOR FAULT                                              10,000.00     1,89,43,896.21Cr
                 MUMBAI,ATM CELL, MUMBAI
29-04-2013 BY TR  A4-233/2013                                                                     36,00,000.00     2,25,43,896.21Cr
29-04-2013 BALANCE TRANSFER FROM :519408250304000                              63,91,600.00                        1,61,52,296.21Cr
                 MUMBAI,ATM CELL, MUMBAI
29-04-2013 BALANCE TRANSFER FROM :519408250304000                              63,96,600.00                          97,55,696.21Cr
                 MUMBAI,ATM CELL, MUMBAI
30-04-2013 BY TR                                                                                3,53,00,000.00     4,50,55,696.21Cr
30-04-2013 RRB ISUER TRXN FROM 24 TO 27.04.13                                1,45,52,100.00                        3,05,03,596.21Cr
                 MUMBAI,ATM CELL, MUMBAI
30-04-2013 RRB ISUER TRXN FROM 24 TO 27.04.13                                   5,07,900.00                        2,99,95,696.21Cr
                 MUMBAI,ATM CELL, MUMBAI
30-04-2013 RRB ISUER TRXN FROM 24 TO 27.04.13                                  36,39,100.00                        2,63,56,596.21Cr
                 MUMBAI,ATM CELL, MUMBAI
30-04-2013 BALANCE TRANSFER FROM :519408250304000                                                 19,27,600.00     2,82,84,196.21Cr
------------------------------------------------------------------------------------------------------------------------------------
  Cumulative Totals:                                                         8,57,71,400.00    11,40,55,596.21     2,82,84,196.21Cr
------------------------------------------------------------------------------------------------------------------------------------

 00000,bantstsvr,KB389980                                                                                                    PAGE: 1


                                                        UNION BANK OF INDIA
    STATEMENT OF ACCOUNT FOR THE PERIOD FROM 25-04-2013 to 30-06-2013   A/C : 360601020050007
------------------------------------------------------------------------------------------------------------------------------------
 DATE      PARTICULARS                                             CHQ.NO.      WITHDRAWALS           DEPOSITS            BALANCE
------------------------------------------------------------------------------------------------------------------------------------


                 MUMBAI,ATM CELL, MUMBAI
02-05-2013 81005085101147000429                                                                       5,000.00     2,82,89,196.21Cr
                 MUMBAI,ATM CELL, MUMBAI
02-05-2013 25685040192424002661                                                                       2,000.00     2,82,91,196.21Cr
                 MUMBAI,ATM CELL, MUMBAI
02-05-2013 43115040191129004261                                                                       5,000.00     2,82,96,196.21Cr
                 MUMBAI,ATM CELL, MUMBAI
02-05-2013 BALANCE TRANSFER FROM :519408250304000                              71,93,100.00                        2,11,03,096.21Cr
                 MUMBAI,ATM CELL, MUMBAI
02-05-2013 BALANCE TRANSFER FROM :519408250304000                              71,93,100.00                        1,39,09,996.21Cr
                 MUMBAI,ATM CELL, MUMBAI
03-05-2013 BY TR A4-245/2013                                                                    2,50,00,000.00     3,89,09,996.21Cr
03-05-2013 41795040196601021659                                                                       1,000.00     3,89,10,996.21Cr
                 MUMBAI,ATM CELL, MUMBAI
03-05-2013 RRB ISUER TRXN FROM 28 TO 30.04.13                                   3,63,200.00                        3,85,47,796.21Cr
                 MUMBAI,ATM CELL, MUMBAI
03-05-2013 RRB ISUER TRXN FROM 28 TO 30.04.13                                  27,08,800.00                        3,58,38,996.21Cr
                 MUMBAI,ATM CELL, MUMBAI
03-05-2013 RRB ISUER TRXN FROM 28 TO 30.04.13                                1,03,05,300.00                        2,55,33,696.21Cr
                 MUMBAI,ATM CELL, MUMBAI
03-05-2013 BALANCE TRANSFER FROM :519408250304000                                                 25,96,500.00     2,81,30,196.21Cr
                 MUMBAI,ATM CELL, MUMBAI
04-05-2013 SQ8917 20.04.13 5040193327001107 RRB FAILED TRXN                                           5,000.00     2,81,35,196.21Cr
                 MUMBAI,ATM CELL, MUMBAI
04-05-2013 SQ 19 13.04.13 5085101108000194 RRB FAILED TRXN                                           10,000.00     2,81,45,196.21Cr
                 MUMBAI,ATM CELL, MUMBAI
04-05-2013 SQ 5415 17.04.13 5085102210000023 RRB FAILED TRXN                                         10,000.00     2,81,55,196.21Cr
                 MUMBAI,ATM CELL, MUMBAI
04-05-2013 BALANCE TRANSFER FROM :519408250304000                              41,06,900.00                        2,40,48,296.21Cr
                 MUMBAI,ATM CELL, MUMBAI
06-05-2013 54075040196613013934                                                                         500.00     2,40,48,796.21Cr
                 MUMBAI,ATM CELL, MUMBAI
06-05-2013 29315040196636032986                                                                      10,000.00     2,40,58,796.21Cr
                 MUMBAI,ATM CELL, MUMBAI
06-05-2013 BALANCE TRANSFER FROM :519408250304000                              67,40,300.00                        1,73,18,496.21Cr
                 MUMBAI,ATM CELL, MUMBAI
06-05-2013 BALANCE TRANSFER FROM :519402230170000                                                    44,000.00     1,73,62,496.21Cr
                 MUMBAI,ATM CELL, MUMBAI
06-05-2013 BALANCE TRANSFER FROM :519408250304000                              67,46,300.00                        1,06,16,196.21Cr
                 MUMBAI,ATM CELL, MUMBAI
07-05-2013 BY TR A4-265/2013                                                                    2,50,00,000.00     3,56,16,196.21Cr
07-05-2013 BALANCE TRANSFER FROM :519402230170000                                                       500.00     3,56,16,696.21Cr
                 MUMBAI,ATM CELL, MUMBAI
07-05-2013 BALANCE TRANSFER FROM :519408250304000                                                 23,56,300.00     3,79,72,996.21Cr
                 MUMBAI,ATM CELL, MUMBAI
08-05-2013 RRB ISUER TRXN FROM 01 TO 05.05.13                                1,86,81,600.00                        1,92,91,396.21Cr
                 MUMBAI,ATM CELL, MUMBAI
08-05-2013 RRB ISUER TRXN FROM 01TO 05.05.13                                   51,31,100.00                        1,41,60,296.21Cr
                 MUMBAI,ATM CELL, MUMBAI
08-05-2013 RRB ISUER TRXN FROM 01 TO 05.05.13                                   5,64,500.00                        1,35,95,796.21Cr
------------------------------------------------------------------------------------------------------------------------------------
  Cumulative Totals:                                                        15,55,05,600.00    16,91,01,396.21     1,35,95,796.21Cr
------------------------------------------------------------------------------------------------------------------------------------

 00000,bantstsvr,KB389980                                                                                                    PAGE: 2


                                                        UNION BANK OF INDIA
    STATEMENT OF ACCOUNT FOR THE PERIOD FROM 25-04-2013 to 30-06-2013   A/C : 360601020050007
------------------------------------------------------------------------------------------------------------------------------------
 DATE      PARTICULARS                                             CHQ.NO.      WITHDRAWALS           DEPOSITS            BALANCE
------------------------------------------------------------------------------------------------------------------------------------


                 MUMBAI,ATM CELL, MUMBAI
08-05-2013 RRB AQUIRE TRXN FROM 01 TO 05.05.13                                                       52,000.00     1,36,47,796.21Cr
                 MUMBAI,ATM CELL, MUMBAI
08-05-2013 95435085104430000270                                                                      10,000.00     1,36,57,796.21Cr
                 MUMBAI,ATM CELL, MUMBAI
08-05-2013 322530 30-APR-13 513082010001285CREDIT ADJST                                               5,000.00     1,36,62,796.21Cr
                 MUMBAI,ATM CELL, MUMBAI
08-05-2013 SQ 2954 10.04.13 5040191159000015 IMPS FAILED TRXN                                        20,000.00     1,36,82,796.21Cr
                 MUMBAI,ATM CELL, MUMBAI
08-05-2013 SQ 2911 10.04.13 5040191149000331 IMPS FAILED TRXN                                         1,000.00     1,36,83,796.21Cr
                 MUMBAI,ATM CELL, MUMBAI
09-05-2013 BY TRF                                                                               1,37,00,000.00     2,73,83,796.21Cr
09-05-2013 BALANCE TRANSFER FROM :519408250304000                              97,18,000.00                        1,76,65,796.21Cr
                 MUMBAI,ATM CELL, MUMBAI
10-05-2013 BALANCE TRANSFER FROM :519408250304000:08-05-2013                   47,94,800.00                        1,28,70,996.21Cr
                 MUMBAI,ATM CELL, MUMBAI
10-05-2013 3300 14.04.2013 5040191106000662BILLED DUMPED                                             12,000.00     1,28,82,996.21Cr
                 MUMBAI,ATM CELL, MUMBAI
10-05-2013 BY TTF                                                                                 97,00,000.00     2,25,82,996.21Cr
10-05-2013 BALANCE TRANSFER FROM :519402230170000                                                    56,000.00     2,26,38,996.21Cr
                 MUMBAI,ATM CELL, MUMBAI
10-05-2013 BALANCE TRANSFER FROM :519408250304000                               9,82,900.00                        2,16,56,096.21Cr
                 MUMBAI,ATM CELL, MUMBAI
11-05-2013 BY TR A4-288/2013                                                                    1,35,00,000.00     3,51,56,096.21Cr
11-05-2013 RRB ISUER TRXN FROM 6.5.13 TO 8.5.13                                 6,82,200.00                        3,44,73,896.21Cr
                 MUMBAI,ATM CELL, MUMBAI
11-05-2013 RRB ISUER TRXN FROM 6.5.13 TO 8.5.13                                34,42,100.00                        3,10,31,796.21Cr
                 MUMBAI,ATM CELL, MUMBAI
11-05-2013 RRB AQUIRE TRXN FROM 6.5.13 TO 8.5.13                                                   1,34,500.00     3,11,66,296.21Cr
                 MUMBAI,ATM CELL, MUMBAI
11-05-2013 RRB ISUER TRXN FROM 6.5.13 TO 8.5.13                              1,27,91,100.00                        1,83,75,196.21Cr
                 MUMBAI,ATM CELL, MUMBAI
11-05-2013 BALANCE TRANSFER FROM :519402230170000                                                    23,500.00     1,83,98,696.21Cr
                 MUMBAI,ATM CELL, MUMBAI
11-05-2013 BALANCE TRANSFER FROM :519408250304000                              42,37,500.00                        1,41,61,196.21Cr
                 MUMBAI,ATM CELL, MUMBAI
13-05-2013 BY TFR                                                                                 84,00,000.00     2,25,61,196.21Cr
13-05-2013 BALANCE TRANSFER FROM :519402230170000                                                    70,500.00     2,26,31,696.21Cr
                 MUMBAI,ATM CELL, MUMBAI
13-05-2013 BALANCE TRANSFER FROM :519408250304000                              67,64,700.00                        1,58,66,996.21Cr
                 MUMBAI,ATM CELL, MUMBAI
14-05-2013 BY TRF                                                                                 67,00,000.00     2,25,66,996.21Cr
14-05-2013 90435040191149000455                                                                       5,000.00     2,25,71,996.21Cr
                 MUMBAI,ATM CELL, MUMBAI
14-05-2013 41675040191134000510                                                                      10,000.00     2,25,81,996.21Cr
                 MUMBAI,ATM CELL, MUMBAI
14-05-2013 1805CD5040191120000797                                                                     3,000.00     2,25,84,996.21Cr
                 MUMBAI,ATM CELL, MUMBAI
14-05-2013 3824CD5040191129006589                                                                       300.00     2,25,85,296.21Cr
                 MUMBAI,ATM CELL, MUMBAI
------------------------------------------------------------------------------------------------------------------------------------
  Cumulative Totals:                                                        19,89,18,900.00    22,15,04,196.21     2,25,85,296.21Cr
------------------------------------------------------------------------------------------------------------------------------------

 00000,bantstsvr,KB389980                                                                                                    PAGE: 3


                                                        UNION BANK OF INDIA
    STATEMENT OF ACCOUNT FOR THE PERIOD FROM 25-04-2013 to 30-06-2013   A/C : 360601020050007
------------------------------------------------------------------------------------------------------------------------------------
 DATE      PARTICULARS                                             CHQ.NO.      WITHDRAWALS           DEPOSITS            BALANCE
------------------------------------------------------------------------------------------------------------------------------------


14-05-2013 BALANCE TRANSFER FROM :519402230170000                                                    25,500.00     2,26,10,796.21Cr
                 MUMBAI,ATM CELL, MUMBAI
14-05-2013 BALANCE TRANSFER FROM :519408250304000                              53,61,600.00                        1,72,49,196.21Cr
                 MUMBAI,ATM CELL, MUMBAI
15-05-2013 BY TRF                                                                               2,23,00,000.00     3,95,49,196.21Cr
15-05-2013 RRB ISUER TRXN FROM 09 TO 12.05.13                                1,59,67,500.00                        2,35,81,696.21Cr
                 MUMBAI,ATM CELL, MUMBAI
15-05-2013 RRB ISUER TRXN FROM 09 TO 12.05.13                                  41,58,600.00                        1,94,23,096.21Cr
                 MUMBAI,ATM CELL, MUMBAI
15-05-2013 RRB ISUER TRXN FROM 09 TO 12.05.13                                   8,09,800.00                        1,86,13,296.21Cr
                 MUMBAI,ATM CELL, MUMBAI
15-05-2013 RRB AQUIRE TRXN FROM 09 TO 12.05.13                                                     1,59,000.00     1,87,72,296.21Cr
                 MUMBAI,ATM CELL, MUMBAI
15-05-2013 BALANCE TRANSFER FROM :519402230170000                                                     1,500.00     1,87,73,796.21Cr
                 MUMBAI,ATM CELL, MUMBAI
15-05-2013 BALANCE TRANSFER FROM :519408250304000                              74,61,200.00                        1,13,12,596.21Cr
                 MUMBAI,ATM CELL, MUMBAI
16-05-2013 BY TRF                                                                               1,12,00,000.00     2,25,12,596.21Cr
16-05-2013 9396CD5040191112003155                                                                    10,000.00     2,25,22,596.21Cr
                 MUMBAI,ATM CELL, MUMBAI
16-05-2013 2729CD5085101108001531                                                                       100.00     2,25,22,696.21Cr
                 MUMBAI,ATM CELL, MUMBAI
16-05-2013 SQ 5502 15.04.13 5040193329000123 BILLED DUMPED                                           10,000.00     2,25,32,696.21Cr
                 MUMBAI,ATM CELL, MUMBAI
16-05-2013 SQ 4447 11.04.13 5040191104001837 BILLED DUMPED                                            5,000.00     2,25,37,696.21Cr
                 MUMBAI,ATM CELL, MUMBAI
16-05-2013 SQ 3251 03.05.13 5040191118000213 BILLED DUMPED                                            5,000.00     2,25,42,696.21Cr
                 MUMBAI,ATM CELL, MUMBAI
16-05-2013 BALANCE TRANSFER FROM :519402230170000                                                    15,500.00     2,25,58,196.21Cr
                 MUMBAI,ATM CELL, MUMBAI
16-05-2013 BALANCE TRANSFER FROM :519408250304000                              60,91,300.00                        1,64,66,896.21Cr
                 MUMBAI,ATM CELL, MUMBAI
17-05-2013 BY TRF                                                                                 61,00,000.00     2,25,66,896.21Cr
17-05-2013 60775040191105000242                                                                      10,000.00     2,25,76,896.21Cr
                 MUMBAI,ATM CELL, MUMBAI
17-05-2013 07775040194401008224                                                                      10,000.00     2,25,86,896.21Cr
                 MUMBAI,ATM CELL, MUMBAI
17-05-2013 53155040196601023598                                                                       3,000.00     2,25,89,896.21Cr
                 MUMBAI,ATM CELL, MUMBAI
17-05-2013 48245040195524002580                                                                       5,000.00     2,25,94,896.21Cr
                 MUMBAI,ATM CELL, MUMBAI
17-05-2013 RRB AQUIRE TRXN 13.05.13                                                                  76,500.00     2,26,71,396.21Cr
                 MUMBAI,ATM CELL, MUMBAI
17-05-2013 RRB ISUER TRXN 13.05.13                                             42,95,000.00                        1,83,76,396.21Cr
                 MUMBAI,ATM CELL, MUMBAI
17-05-2013 RRB ISUER TRXN 13.05.13                                              3,03,000.00                        1,80,73,396.21Cr
                 MUMBAI,ATM CELL, MUMBAI
17-05-2013 RRB ISUER TRXN 13.05.13                                             10,37,800.00                        1,70,35,596.21Cr
                 MUMBAI,ATM CELL, MUMBAI
17-05-2013 BALANCE TRANSFER FROM :519402230170000                                                     1,000.00     1,70,36,596.21Cr
------------------------------------------------------------------------------------------------------------------------------------
  Cumulative Totals:                                                        24,44,04,700.00    26,14,41,296.21     1,70,36,596.21Cr
------------------------------------------------------------------------------------------------------------------------------------

 00000,bantstsvr,KB389980                                                                                                    PAGE: 4


                                                        UNION BANK OF INDIA
    STATEMENT OF ACCOUNT FOR THE PERIOD FROM 25-04-2013 to 30-06-2013   A/C : 360601020050007
------------------------------------------------------------------------------------------------------------------------------------
 DATE      PARTICULARS                                             CHQ.NO.      WITHDRAWALS           DEPOSITS            BALANCE
------------------------------------------------------------------------------------------------------------------------------------


                 MUMBAI,ATM CELL, MUMBAI
17-05-2013 BALANCE TRANSFER FROM :519408250304000                              62,31,600.00                        1,08,04,996.21Cr
                 MUMBAI,ATM CELL, MUMBAI
18-05-2013 TRF                                                                                  1,17,00,000.00     2,25,04,996.21Cr
18-05-2013 RRBAQUIRER TXN 14.5.13 AND 15.5.13                                                        68,000.00     2,25,72,996.21Cr
                 MUMBAI,ATM CELL, MUMBAI
18-05-2013 RRB ISSUER TRANX 14 AND 15.05.2013                                  90,30,000.00                        1,35,42,996.21Cr
                 MUMBAI,ATM CELL, MUMBAI
18-05-2013 RRB ISUER TXN 14AND 15-05-2013                                      21,86,300.00                        1,13,56,696.21Cr
                 MUMBAI,ATM CELL, MUMBAI
18-05-2013 RRB ISUER TXN 14AND 15.05-2013                                       5,05,500.00                        1,08,51,196.21Cr
                 MUMBAI,ATM CELL, MUMBAI
18-05-2013 BALANCE TRANSFER FROM :519408250304000                              39,08,900.00                          69,42,296.21Cr
                 MUMBAI,ATM CELL, MUMBAI
20-05-2013 BY TRF                                                                               1,56,00,000.00     2,25,42,296.21Cr
20-05-2013 RRB ISUER TRXN 16.05.13                                              3,42,500.00                        2,21,99,796.21Cr
                 MUMBAI,ATM CELL, MUMBAI
20-05-2013 RRB ISUER TRXN 16.05.13                                             45,84,500.00                        1,76,15,296.21Cr
                 MUMBAI,ATM CELL, MUMBAI
20-05-2013 RRB ISUER TRXN 16.05.13                                             10,73,300.00                        1,65,41,996.21Cr
                 MUMBAI,ATM CELL, MUMBAI
20-05-2013 RRB AQUIRE TRXN 16.05.13                                                                  15,000.00     1,65,56,996.21Cr
                 MUMBAI,ATM CELL, MUMBAI
20-05-2013 BALANCE TRANSFER FROM :519408250304000                              80,77,800.00                          84,79,196.21Cr
                 MUMBAI,ATM CELL, MUMBAI
21-05-2013 BY TRF                                                                               1,41,00,000.00     2,25,79,196.21Cr
21-05-2013 5040194415000688/3803/FSS/05052013                                                        10,000.00     2,25,89,196.21Cr
                 MUMBAI,ATM CELL, MUMBAI
21-05-2013 BALANCE TRANSFER FROM :519402230170000                                                     2,000.00     2,25,91,196.21Cr
                 MUMBAI,ATM CELL, MUMBAI
21-05-2013 BALANCE TRANSFER FROM :519408250304000                              52,77,900.00                        1,73,13,296.21Cr
                 MUMBAI,ATM CELL, MUMBAI
22-05-2013 BY TRF                                                                                 52,00,000.00     2,25,13,296.21Cr
22-05-2013 NFS ISSUER TRXN 27 MARCH TO 30 APRIL 13                              5,23,906.59                        2,19,89,389.62Cr
                 MUMBAI,ATM CELL, MUMBAI
22-05-2013 NFS ACQUIER TRXN FROM 27 MARCH TO 30 APRIL 13                                              7,668.57     2,19,97,058.19Cr
                 MUMBAI,ATM CELL, MUMBAI
22-05-2013 BALANCE TRANSFER FROM :519402230170000                                                    36,500.00     2,20,33,558.19Cr
                 MUMBAI,ATM CELL, MUMBAI
22-05-2013 BALANCE TRANSFER FROM :519408250304000                              50,16,400.00                        1,70,17,158.19Cr
                 MUMBAI,ATM CELL, MUMBAI
23-05-2013 BY TRF                                                                                 55,00,000.00     2,25,17,158.19Cr
23-05-2013 9004 13.04.2013 BILLED DUMPED FORCEFUL SETTLEMENT                                          3,500.00     2,25,20,658.19Cr
                 MUMBAI,ATM CELL, MUMBAI
23-05-2013 1235 11.04.2013 FORCEFUL SETTLEMENT                                                       10,000.00     2,25,30,658.19Cr
                 MUMBAI,ATM CELL, MUMBAI
23-05-2013 RRB AQUIRE TRXN 14 TO 15 MAY 13                                                         1,38,500.00     2,26,69,158.19Cr
                 MUMBAI,ATM CELL, MUMBAI
23-05-2013 RRB AQUIRE TRXN 14 TO 15 MAY 13 WRONFLY CR                             68,000.00                        2,26,01,158.19Cr
                 MUMBAI,ATM CELL, MUMBAI
------------------------------------------------------------------------------------------------------------------------------------
  Cumulative Totals:                                                        29,12,31,306.59    31,38,32,464.78     2,26,01,158.19Cr
------------------------------------------------------------------------------------------------------------------------------------

 00000,bantstsvr,KB389980                                                                                                    PAGE: 5


                                                        UNION BANK OF INDIA
    STATEMENT OF ACCOUNT FOR THE PERIOD FROM 25-04-2013 to 30-06-2013   A/C : 360601020050007
------------------------------------------------------------------------------------------------------------------------------------
 DATE      PARTICULARS                                             CHQ.NO.      WITHDRAWALS           DEPOSITS            BALANCE
------------------------------------------------------------------------------------------------------------------------------------


23-05-2013 11005040196811000394                                                                       1,500.00     2,26,02,658.19Cr
                 MUMBAI,ATM CELL, MUMBAI
23-05-2013 3227CD6070123317003426                                                                    10,000.00     2,26,12,658.19Cr
                 MUMBAI,ATM CELL, MUMBAI
23-05-2013 BALANCE TRANSFER FROM :519402230170000                                                    16,000.00     2,26,28,658.19Cr
                 MUMBAI,ATM CELL, MUMBAI
23-05-2013 BALANCE TRANSFER FROM :519408250304000                              43,81,900.00                        1,82,46,758.19Cr
                 MUMBAI,ATM CELL, MUMBAI
24-05-2013 21495040192203000175                                                                       2,000.00     1,82,48,758.19Cr
                 MUMBAI,ATM CELL, MUMBAI
24-05-2013 BALANCE TRANSFER FROM :519402230170000                                                    29,500.00     1,82,78,258.19Cr
                 MUMBAI,ATM CELL, MUMBAI
24-05-2013 BALANCE TRANSFER FROM :519408250304000                              34,67,100.00                        1,48,11,158.19Cr
                 MUMBAI,ATM CELL, MUMBAI
27-05-2013 TRA4-365/2013                                                                          77,00,000.00     2,25,11,158.19Cr
27-05-2013 24055085104401000150                                                                       1,000.00     2,25,12,158.19Cr
                 MUMBAI,ATM CELL, MUMBAI
27-05-2013 5040196615000236/9236/RRB                                                                  1,000.00     2,25,13,158.19Cr
                 MUMBAI,ATM CELL, MUMBAI
27-05-2013 SQ 7205 26.04.13 5040 1911 3800 0714 FORCEFUL SETT                                         4,000.00     2,25,17,158.19Cr
                 MUMBAI,ATM CELL, MUMBAI
27-05-2013 SQ 9429 14.05.13 5085 1011 0800 0277 FORCEFUL SETT                                        10,000.00     2,25,27,158.19Cr
                 MUMBAI,ATM CELL, MUMBAI
27-05-2013 SQ 5508 08.05.13 5040193326001389 FORCEFUL SETTLEM                                         4,000.00     2,25,31,158.19Cr
                 MUMBAI,ATM CELL, MUMBAI
27-05-2013 SQ 6783 05.05.13 5040191149000265 FORCEFUL SETTLEN                                        10,000.00     2,25,41,158.19Cr
                 MUMBAI,ATM CELL, MUMBAI
27-05-2013 BALANCE TRANSFER FROM :519402230170000                                                    91,000.00     2,26,32,158.19Cr
                 MUMBAI,ATM CELL, MUMBAI
27-05-2013 BALANCE TRANSFER FROM :519408250304000                              48,24,500.00                        1,78,07,658.19Cr
                 MUMBAI,ATM CELL, MUMBAI
27-05-2013 BALANCE TRANSFER FROM :519408250304000                              48,29,500.00                        1,29,78,158.19Cr
                 MUMBAI,ATM CELL, MUMBAI
27-05-2013 BALANCE TRANSFER FROM :519408250304000                              48,31,500.00                          81,46,658.19Cr
                 MUMBAI,ATM CELL, MUMBAI
28-05-2013 BY TR A4-372/2013                                                                    1,44,00,000.00     2,25,46,658.19Cr
28-05-2013 5040195516001020/3401/FSS/12052013                                                         1,000.00     2,25,47,658.19Cr
                 MUMBAI,ATM CELL, MUMBAI
28-05-2013 BALANCE TRANSFER FROM :519402230170000                                                    11,500.00     2,25,59,158.19Cr
                 MUMBAI,ATM CELL, MUMBAI
28-05-2013 BALANCE TRANSFER FROM :519408250304000                                                 46,85,300.00     2,72,44,458.19Cr
                 MUMBAI,ATM CELL, MUMBAI
29-05-2013 SQ 2772 20.05.13 5040196635000885 IMPS FAILED TRXN                                         5,000.00     2,72,49,458.19Cr
                 MUMBAI,ATM CELL, MUMBAI
29-05-2013 21165040192410001560                                                                      10,000.00     2,72,59,458.19Cr
                 MUMBAI,ATM CELL, MUMBAI
29-05-2013 BY TR                                                                                2,00,00,000.00     4,72,59,458.19Cr
29-05-2013 RRB ISUER TRXN FROM 17 TO 20.05.13                                   7,96,500.00                        4,64,62,958.19Cr
                 MUMBAI,ATM CELL, MUMBAI
29-05-2013 RRB ISUER TRXN FROM 17 TO 20.05.13                                  32,81,600.00                        4,31,81,358.19Cr
------------------------------------------------------------------------------------------------------------------------------------
  Cumulative Totals:                                                        31,76,43,906.59    36,08,25,264.78     4,31,81,358.19Cr
------------------------------------------------------------------------------------------------------------------------------------

 00000,bantstsvr,KB389980                                                                                                    PAGE: 6


                                                        UNION BANK OF INDIA
    STATEMENT OF ACCOUNT FOR THE PERIOD FROM 25-04-2013 to 30-06-2013   A/C : 360601020050007
------------------------------------------------------------------------------------------------------------------------------------
 DATE      PARTICULARS                                             CHQ.NO.      WITHDRAWALS           DEPOSITS            BALANCE
------------------------------------------------------------------------------------------------------------------------------------


                 MUMBAI,ATM CELL, MUMBAI
29-05-2013 RRB ISUER TRXN FROM 17 TO 20.05.13                                1,20,22,900.00                        3,11,58,458.19Cr
                 MUMBAI,ATM CELL, MUMBAI
29-05-2013 RRB AQUIRE TRXN FROM 17 TO 20.05.13                                                       31,500.00     3,11,89,958.19Cr
                 MUMBAI,ATM CELL, MUMBAI
29-05-2013 BALANCE TRANSFER FROM :519402230170000                                                    32,000.00     3,12,21,958.19Cr
                 MUMBAI,ATM CELL, MUMBAI
29-05-2013 BALANCE TRANSFER FROM :519408250304000                              42,48,600.00                        2,69,73,358.19Cr
                 MUMBAI,ATM CELL, MUMBAI
30-05-2013 2725CD5040191128004817                                                                    10,000.00     2,69,83,358.19Cr
                 MUMBAI,ATM CELL, MUMBAI
30-05-2013 3350CD5040191129002877                                                                     5,000.00     2,69,88,358.19Cr
                 MUMBAI,ATM CELL, MUMBAI
30-05-2013 RRB AQUIRER TRXN 22.5.13 TO 25.5.13                                                     1,61,500.00     2,71,49,858.19Cr
                 MUMBAI,ATM CELL, MUMBAI
30-05-2013 RRB ISUER TRXN 22.5.13 TO 25.5.13                                 1,17,90,400.00                        1,53,59,458.19Cr
                 MUMBAI,ATM CELL, MUMBAI
30-05-2013 RRB ISUER TRXN 22.5.13 TO 25.5.13                                   32,07,400.00                        1,21,52,058.19Cr
                 MUMBAI,ATM CELL, MUMBAI
30-05-2013 RRB ISUER TRXN 22.5.13 TO 25.5.13                                    9,37,900.00                        1,12,14,158.19Cr
                 MUMBAI,ATM CELL, MUMBAI
30-05-2013 BALANCE TRANSFER FROM :519402230170000                                                    17,100.00     1,12,31,258.19Cr
                 MUMBAI,ATM CELL, MUMBAI
30-05-2013 BALANCE TRANSFER FROM :519408250304000                              42,73,000.00                          69,58,258.19Cr
                 MUMBAI,ATM CELL, MUMBAI
31-05-2013 BY TRF                                                                               1,56,00,000.00     2,25,58,258.19Cr
31-05-2013 95395040191125009488                                                                       4,000.00     2,25,62,258.19Cr
                 MUMBAI,ATM CELL, MUMBAI
31-05-2013 BY TRF                                                                                 80,00,000.00     3,05,62,258.19Cr
31-05-2013 RRB ISUER TRXN FROM 26.5.13 TO 28.5.13                              73,21,700.00                        2,32,40,558.19Cr
                 MUMBAI,ATM CELL, MUMBAI
31-05-2013 RRB AQUIRER TRXN FROM 26.5.13 TO 28.5.13                                                1,86,400.00     2,34,26,958.19Cr
                 MUMBAI,ATM CELL, MUMBAI
31-05-2013 RRB ISUER TRXN FROM 26.5.13 TO 28.5.13                               5,16,600.00                        2,29,10,358.19Cr
                 MUMBAI,ATM CELL, MUMBAI
31-05-2013 RRB ISUER TRXN FROM 26.5.13 TO 28.5.13                              16,90,600.00                        2,12,19,758.19Cr
                 MUMBAI,ATM CELL, MUMBAI
31-05-2013 BALANCE TRANSFER FROM :519402230170000                                                    37,700.00     2,12,57,458.19Cr
                 MUMBAI,ATM CELL, MUMBAI
31-05-2013 BALANCE TRANSFER FROM :519408250304000                              47,38,200.00                        1,65,19,258.19Cr
                 MUMBAI,ATM CELL, MUMBAI
01-06-2013 BY TRF                                                                                 60,00,000.00     2,25,19,258.19Cr
01-06-2013 BALANCE TRANSFER FROM :519402230170000                                                    20,000.00     2,25,39,258.19Cr
                 MUMBAI,ATM CELL, MUMBAI
01-06-2013 BALANCE TRANSFER FROM :519408250304000                              35,78,500.00                        1,89,60,758.19Cr
                 MUMBAI,ATM CELL, MUMBAI
03-06-2013 8061 21.05.2013 5040196616001704 FAIL TXN                                                  8,000.00     1,89,68,758.19Cr
                 MUMBAI,ATM CELL, MUMBAI
03-06-2013 BY TR                                                                                  36,00,000.00     2,25,68,758.19Cr
03-06-2013 RRB AQUIRE TRXN FROM 29 TO 30.05.13                                                     1,31,000.00     2,26,99,758.19Cr
------------------------------------------------------------------------------------------------------------------------------------
  Cumulative Totals:                                                        37,19,69,706.59    39,46,69,464.78     2,26,99,758.19Cr
------------------------------------------------------------------------------------------------------------------------------------

 00000,bantstsvr,KB389980                                                                                                    PAGE: 7


                                                        UNION BANK OF INDIA
    STATEMENT OF ACCOUNT FOR THE PERIOD FROM 25-04-2013 to 30-06-2013   A/C : 360601020050007
------------------------------------------------------------------------------------------------------------------------------------
 DATE      PARTICULARS                                             CHQ.NO.      WITHDRAWALS           DEPOSITS            BALANCE
------------------------------------------------------------------------------------------------------------------------------------


                 MUMBAI,ATM CELL, MUMBAI
03-06-2013 RRB ISUER TRXN FROM 29 TO 30.05.13                                   5,72,900.00                        2,21,26,858.19Cr
                 MUMBAI,ATM CELL, MUMBAI
03-06-2013 RRB ISUER TRXN FROM 29 TO 30.05.13                                  13,07,100.00                        2,08,19,758.19Cr
                 MUMBAI,ATM CELL, MUMBAI
03-06-2013 RRB ISUER TRXN FROM 29 TO 30.05.13                                  62,03,800.00                        1,46,15,958.19Cr
                 MUMBAI,ATM CELL, MUMBAI
03-06-2013 BALANCE TRANSFER FROM :519402230170000                                                    26,400.00     1,46,42,358.19Cr
                 MUMBAI,ATM CELL, MUMBAI
03-06-2013 BALANCE TRANSFER FROM :519408250304000                              68,18,600.00                          78,23,758.19Cr
                 MUMBAI,ATM CELL, MUMBAI
04-06-2013 BY TRF                                                                               1,47,00,000.00     2,25,23,758.19Cr
04-06-2013 RRB ISSUER TRXN FOR 31.05.13                                         8,28,100.00                        2,16,95,658.19Cr
                 MUMBAI,ATM CELL, MUMBAI
04-06-2013 RRB ISSUER TRXN FOR 31.05.13                                        31,28,700.00                        1,85,66,958.19Cr
                 MUMBAI,ATM CELL, MUMBAI
04-06-2013 RRB AQUIRE TRXN FOR 31.05.13                                                              51,800.00     1,86,18,758.19Cr
                 MUMBAI,ATM CELL, MUMBAI
04-06-2013 RRB ISSUER TRXN FOR 31.05.13                                         2,52,200.00                        1,83,66,558.19Cr
                 MUMBAI,ATM CELL, MUMBAI
04-06-2013 BALANCE TRANSFER FROM :519402230170000                                                    24,100.00     1,83,90,658.19Cr
                 MUMBAI,ATM CELL, MUMBAI
04-06-2013 BALANCE TRANSFER FROM :519408250304000                              40,70,900.00                        1,43,19,758.19Cr
                 MUMBAI,ATM CELL, MUMBAI
05-06-2013 BY TRF                                                                                 82,00,000.00     2,25,19,758.19Cr
06-06-2013 10521039                                                                               53,00,000.00     2,78,19,758.19Cr
06-06-2013 RRB AQUIRE TRXN FOR 21.05.13                                                              38,000.00     2,78,57,758.19Cr
                 MUMBAI,ATM CELL, MUMBAI
06-06-2013 RRB ISSUER TRXN FOR 21.05.13                                        31,74,000.00                        2,46,83,758.19Cr
                 MUMBAI,ATM CELL, MUMBAI
06-06-2013 RRB ISSUER TRXN FOR 21.05.13                                         8,64,100.00                        2,38,19,658.19Cr
                 MUMBAI,ATM CELL, MUMBAI
06-06-2013 RRB ISSUER TRXN FOR 21.05.13                                         3,24,300.00                        2,34,95,358.19Cr
                 MUMBAI,ATM CELL, MUMBAI
06-06-2013 BALANCE TRANSFER FROM :519402230170000:05-06-2013                                         16,500.00     2,35,11,858.19Cr
                 MUMBAI,ATM CELL, MUMBAI
06-06-2013 BALANCE TRANSFER FROM :519408250304000:05-06-2013                   52,91,800.00                        1,82,20,058.19Cr
                 MUMBAI,ATM CELL, MUMBAI
06-06-2013 RRB ISSUER TRXN FROM 01 TO 04.06.13                                  8,79,200.00                        1,73,40,858.19Cr
                 MUMBAI,ATM CELL, MUMBAI
06-06-2013 RRB AQUIRE TRXN FROM 01 TO 04.06.13                                                     4,00,400.00     1,77,41,258.19Cr
                 MUMBAI,ATM CELL, MUMBAI
06-06-2013 RRB ISSUER TRXN FROM 01 TO 04.06.13                                 27,77,000.00                        1,49,64,258.19Cr
                 MUMBAI,ATM CELL, MUMBAI
07-06-2013 BALANCE TRANSFER FROM :519402230170000:06-06-2013                                          8,700.00     1,49,72,958.19Cr
                 MUMBAI,ATM CELL, MUMBAI
07-06-2013 BALANCE TRANSFER FROM :519408250304000:06-06-2013                   43,07,900.00                        1,06,65,058.19Cr
                 MUMBAI,ATM CELL, MUMBAI
07-06-2013 BY TRF                                                                               1,19,00,000.00     2,25,65,058.19Cr
07-06-2013 RRB ISSUER TRXN FROM 01 TO 04.06.13                               1,12,48,700.00                        1,13,16,358.19Cr
------------------------------------------------------------------------------------------------------------------------------------
  Cumulative Totals:                                                        42,40,19,006.59    43,53,35,364.78     1,13,16,358.19Cr
------------------------------------------------------------------------------------------------------------------------------------

 00000,bantstsvr,KB389980                                                                                                    PAGE: 8


                                                        UNION BANK OF INDIA
    STATEMENT OF ACCOUNT FOR THE PERIOD FROM 25-04-2013 to 30-06-2013   A/C : 360601020050007
------------------------------------------------------------------------------------------------------------------------------------
 DATE      PARTICULARS                                             CHQ.NO.      WITHDRAWALS           DEPOSITS            BALANCE
------------------------------------------------------------------------------------------------------------------------------------


                 MUMBAI,ATM CELL, MUMBAI
07-06-2013 8317 23.05.2013 5040193327002428 FAIL TXN                                                  1,000.00     1,13,17,358.19Cr
                 MUMBAI,ATM CELL, MUMBAI
07-06-2013 8318 23.05.2013 5040193327002428 FAIL TXN                                                  1,000.00     1,13,18,358.19Cr
                 MUMBAI,ATM CELL, MUMBAI
07-06-2013 BALANCE TRANSFER FROM :519402230170000                                                    29,700.00     1,13,48,058.19Cr
                 MUMBAI,ATM CELL, MUMBAI
07-06-2013 BALANCE TRANSFER FROM :519408250304000                              57,73,200.00                          55,74,858.19Cr
                 MUMBAI,ATM CELL, MUMBAI
08-06-2013 BY TRF                                                                               1,70,00,000.00     2,25,74,858.19Cr
08-06-2013 30625040195530006310                                                                       2,500.00     2,25,77,358.19Cr
                 MUMBAI,ATM CELL, MUMBAI
08-06-2013 40595040193327001545                                                                       5,000.00     2,25,82,358.19Cr
                 MUMBAI,ATM CELL, MUMBAI
08-06-2013 BALANCE TRANSFER FROM :519402230170000                                                    31,200.00     2,26,13,558.19Cr
                 MUMBAI,ATM CELL, MUMBAI
08-06-2013 BALANCE TRANSFER FROM :519408250304000                              44,58,500.00                        1,81,55,058.19Cr
                 MUMBAI,ATM CELL, MUMBAI
10-06-2013 BY TRFR                                                                                44,00,000.00     2,25,55,058.19Cr
10-06-2013 14625040195511009127                                                                       1,000.00     2,25,56,058.19Cr
                 MUMBAI,ATM CELL, MUMBAI
10-06-2013 31575040193327000844                                                                       3,000.00     2,25,59,058.19Cr
                 MUMBAI,ATM CELL, MUMBAI
10-06-2013 RRB AQUIRE TRXN FROM 05 TO 06.06.13                                                     1,68,700.00     2,27,27,758.19Cr
                 MUMBAI,ATM CELL, MUMBAI
10-06-2013 RRB ISUER TRXN FROM 05 TO 06.06.13                                   5,70,600.00                        2,21,57,158.19Cr
                 MUMBAI,ATM CELL, MUMBAI
10-06-2013 RRB ISUER TRXN FROM 05 TO 06.06.13                                  17,33,400.00                        2,04,23,758.19Cr
                 MUMBAI,ATM CELL, MUMBAI
10-06-2013 RRB ISUER TRXN FROM 05 TO 06.06.13                                  75,77,600.00                        1,28,46,158.19Cr
                 MUMBAI,ATM CELL, MUMBAI
10-06-2013 BALANCE TRANSFER FROM :519402230170000                                                    41,000.00     1,28,87,158.19Cr
                 MUMBAI,ATM CELL, MUMBAI
10-06-2013 BALANCE TRANSFER FROM :519408250304000                              81,08,300.00                          47,78,858.19Cr
                 MUMBAI,ATM CELL, MUMBAI
11-06-2013 BY TRF                                                                               1,78,00,000.00     2,25,78,858.19Cr
11-06-2013 8335 17.05.2013 5085105111000448FORCEFUL SETTLEMEN                                        10,500.00     2,25,89,358.19Cr
                 MUMBAI,ATM CELL, MUMBAI
11-06-2013 9780 24.05.2013 5085101124000202FORCEFUL SETTLEMEN                                         2,500.00     2,25,91,858.19Cr
                 MUMBAI,ATM CELL, MUMBAI
11-06-2013 1805 05.05.2013 5040195502003766 FORCEFUL SETTLEME                                         5,000.00     2,25,96,858.19Cr
                 MUMBAI,ATM CELL, MUMBAI
11-06-2013 1933 28.05.2013 5040192202000317FORCEFUL SETTLEMEN                                         5,000.00     2,26,01,858.19Cr
                 MUMBAI,ATM CELL, MUMBAI
11-06-2013 9909 22.05.2013 5040195111000344FORCEFUL SETTLEMEN                                         3,000.00     2,26,04,858.19Cr
                 MUMBAI,ATM CELL, MUMBAI
11-06-2013 NFS ATM TRXN CHARGES FOR MONTH OF MAY 2013                           5,01,794.14                        2,21,03,064.05Cr
                 MUMBAI,ATM CELL, MUMBAI
11-06-2013 NFS ATM AQUIER TRXN CHARGES FOR MONTH OF MAY 2013                                          6,691.04     2,21,09,755.09Cr
                 MUMBAI,ATM CELL, MUMBAI
------------------------------------------------------------------------------------------------------------------------------------
  Cumulative Totals:                                                        45,27,42,400.73    47,48,52,155.82     2,21,09,755.09Cr
------------------------------------------------------------------------------------------------------------------------------------

 00000,bantstsvr,KB389980                                                                                                    PAGE: 9


                                                        UNION BANK OF INDIA
    STATEMENT OF ACCOUNT FOR THE PERIOD FROM 25-04-2013 to 30-06-2013   A/C : 360601020050007
------------------------------------------------------------------------------------------------------------------------------------
 DATE      PARTICULARS                                             CHQ.NO.      WITHDRAWALS           DEPOSITS            BALANCE
------------------------------------------------------------------------------------------------------------------------------------


11-06-2013 RRB AQUIRE TRXN FROM  07 TO 08.06.13                                                    1,58,900.00     2,22,68,655.09Cr
                 MUMBAI,ATM CELL, MUMBAI
11-06-2013 RRB ISSUER TRXN FROM 07 TO 08.06.13                                 90,52,700.00                        1,32,15,955.09Cr
                 MUMBAI,ATM CELL, MUMBAI
11-06-2013 RRB ISSUER TRXN FROM 07 TO 08.06.13                                 21,06,700.00                        1,11,09,255.09Cr
                 MUMBAI,ATM CELL, MUMBAI
11-06-2013 RRB ISSUER TRXN FROM 07 TO 08.06.13                                  7,48,500.00                        1,03,60,755.09Cr
                 MUMBAI,ATM CELL, MUMBAI
11-06-2013 BALANCE TRANSFER FROM :519402230170000                                                    47,100.00     1,04,07,855.09Cr
                 MUMBAI,ATM CELL, MUMBAI
11-06-2013 BALANCE TRANSFER FROM :519408250304000                              52,46,100.00                          51,61,755.09Cr
                 MUMBAI,ATM CELL, MUMBAI
12-06-2013 BY TRF                                                                               1,74,00,000.00     2,25,61,755.09Cr
12-06-2013 37305040195101002920                                                                       1,500.00     2,25,63,255.09Cr
                 MUMBAI,ATM CELL, MUMBAI
12-06-2013 BALANCE TRANSFER FROM :519402230170000                                                    33,200.00     2,25,96,455.09Cr
                 MUMBAI,ATM CELL, MUMBAI
12-06-2013 BALANCE TRANSFER FROM :519408250304000                              52,55,800.00                        1,73,40,655.09Cr
                 MUMBAI,ATM CELL, MUMBAI
13-06-2013 BY TRF                                                                                 52,00,000.00     2,25,40,655.09Cr
13-06-2013 BALANCE TRANSFER FROM :519402230170000                                                    20,000.00     2,25,60,655.09Cr
                 MUMBAI,ATM CELL, MUMBAI
13-06-2013 BALANCE TRANSFER FROM :519408250304000                              49,41,400.00                        1,76,19,255.09Cr
                 MUMBAI,ATM CELL, MUMBAI
14-06-2013 BY TRF                                                                                 49,00,000.00     2,25,19,255.09Cr
14-06-2013 86465085101129000041                                                                       1,500.00     2,25,20,755.09Cr
                 MUMBAI,ATM CELL, MUMBAI
14-06-2013 BALANCE TRANSFER FROM :519402230170000                                                    84,800.00     2,26,05,555.09Cr
                 MUMBAI,ATM CELL, MUMBAI
14-06-2013 BALANCE TRANSFER FROM :519408250304000                              49,55,500.00                        1,76,50,055.09Cr
                 MUMBAI,ATM CELL, MUMBAI
15-06-2013 BY TRF                                                                                 49,00,000.00     2,25,50,055.09Cr
15-06-2013 BALANCE TRANSFER FROM :519408250304000                              40,56,600.00                        1,84,93,455.09Cr
                 MUMBAI,ATM CELL, MUMBAI
17-06-2013 TR                                                                                     41,00,000.00     2,25,93,455.09Cr
17-06-2013 BALANCE TRANSFER FROM :519402230170000:15-06-2013                                         10,600.00     2,26,04,055.09Cr
                 MUMBAI,ATM CELL, MUMBAI
17-06-2013 BALANCE TRANSFER FROM :519402230170000                                                  1,02,500.00     2,27,06,555.09Cr
                 MUMBAI,ATM CELL, MUMBAI
17-06-2013 BALANCE TRANSFER FROM :519408250304000                              62,50,200.00                        1,64,56,355.09Cr
                 MUMBAI,ATM CELL, MUMBAI
18-06-2013 BY TRF                                                                                 61,00,000.00     2,25,56,355.09Cr
18-06-2013 RRB ISUER TXN 9.6.13 TO 13.6.13                                      5,62,200.00                        2,19,94,155.09Cr
                 MUMBAI,ATM CELL, MUMBAI
18-06-2013 RRB ISUER TXN 9.6.13 TO 13.6.13                                   2,08,79,200.00                          11,14,955.09Cr
                 MUMBAI,ATM CELL, MUMBAI
18-06-2013 RRB AQUIRER TXN 9.6.13 TO 13.6.13                                                      10,97,700.00       22,12,655.09Cr
                 MUMBAI,ATM CELL, MUMBAI
18-06-2013 BY TRF                                                                               2,00,00,000.00     2,22,12,655.09Cr
18-06-2013 RRB ISSURER TXN DT 09.06.13 TO 13.6.13, 508510                      50,34,000.00                        1,71,78,655.09Cr
------------------------------------------------------------------------------------------------------------------------------------
  Cumulative Totals:                                                        52,18,31,300.73    53,90,09,955.82     1,71,78,655.09Cr
------------------------------------------------------------------------------------------------------------------------------------

 00000,bantstsvr,KB389980                                                                                                    PAGE: 1


                                                        UNION BANK OF INDIA
    STATEMENT OF ACCOUNT FOR THE PERIOD FROM 25-04-2013 to 30-06-2013   A/C : 360601020050007
------------------------------------------------------------------------------------------------------------------------------------
 DATE      PARTICULARS                                             CHQ.NO.      WITHDRAWALS           DEPOSITS            BALANCE
------------------------------------------------------------------------------------------------------------------------------------


                 MUMBAI,ATM CELL, MUMBAI
18-06-2013 RRB ISSURER TXN DT 09.06.13 TO 13.6.13,607012                       16,30,500.00                        1,55,48,155.09Cr
                 MUMBAI,ATM CELL, MUMBAI
18-06-2013 BALANCE TRANSFER FROM :519402230170000                                                    43,400.00     1,55,91,555.09Cr
                 MUMBAI,ATM CELL, MUMBAI
18-06-2013 BALANCE TRANSFER FROM :519408250304000                              46,77,500.00                        1,09,14,055.09Cr
                 MUMBAI,ATM CELL, MUMBAI
19-06-2013 BY TRF                                                                               1,16,00,000.00     2,25,14,055.09Cr
19-06-2013 1327CD5040196607000426                                                                    10,000.00     2,25,24,055.09Cr
                 MUMBAI,ATM CELL, MUMBAI
19-06-2013 WRONGY CREDITED FOR KGSB  504432                                                        5,62,200.00     2,30,86,255.09Cr
                 MUMBAI,ATM CELL, MUMBAI
19-06-2013 RRB AQUIRER TXN 9.6.13 TO 13.6.13                                                       2,80,000.00     2,33,66,255.09Cr
                 MUMBAI,ATM CELL, MUMBAI
19-06-2013 WRONGY CREDITED FOR KGSB  AQUIRER TXN                               10,97,700.00                        2,22,68,555.09Cr
                 MUMBAI,ATM CELL, MUMBAI
19-06-2013 BALANCE TRANSFER FROM :519402230170000                                                    22,400.00     2,22,90,955.09Cr
                 MUMBAI,ATM CELL, MUMBAI
19-06-2013 BALANCE TRANSFER FROM :519408250304000                              40,23,300.00                        1,82,67,655.09Cr
                 MUMBAI,ATM CELL, MUMBAI
20-06-2013 BY TRF                                                                                 43,00,000.00     2,25,67,655.09Cr
20-06-2013 RRB ISUER TXN 14.6.13 TO 16.6.13                                    22,57,100.00                        2,03,10,555.09Cr
                 MUMBAI,ATM CELL, MUMBAI
20-06-2013 RRB ISUER TXN 14.6.13 TO 16.6.13                                    93,53,900.00                        1,09,56,655.09Cr
                 MUMBAI,ATM CELL, MUMBAI
20-06-2013 RRB ISUER TXN 14.6.13 TO 16.6.13                                     8,43,500.00                        1,01,13,155.09Cr
                 MUMBAI,ATM CELL, MUMBAI
20-06-2013 1713CD6070122211000983                                                                     8,500.00     1,01,21,655.09Cr
                 MUMBAI,ATM CELL, MUMBAI
20-06-2013 1712CD6070122211000983                                                                    10,000.00     1,01,31,655.09Cr
                 MUMBAI,ATM CELL, MUMBAI
20-06-2013 RRB AQUIRER TXN 14.6.13 TO 16.6.13                                                      2,01,400.00     1,03,33,055.09Cr
                 MUMBAI,ATM CELL, MUMBAI
20-06-2013 BALANCE TRANSFER FROM :519402230170000                                                    14,600.00     1,03,47,655.09Cr
                 MUMBAI,ATM CELL, MUMBAI
20-06-2013 BALANCE TRANSFER FROM :519408250304000                              49,17,100.00                          54,30,555.09Cr
                 MUMBAI,ATM CELL, MUMBAI
21-06-2013 9441  12.06.2013 5040191146000250 FAIL TXN                                                20,000.00       54,50,555.09Cr
                 MUMBAI,ATM CELL, MUMBAI
21-06-2013 BY TR                                                                                1,71,00,000.00     2,25,50,555.09Cr
21-06-2013 BALANCE TRANSFER FROM :519408250304000                              47,66,100.00                        1,77,84,455.09Cr
                 MUMBAI,ATM CELL, MUMBAI
21-06-2013 BALANCE TRANSFER FROM :519402230170000                                                    37,800.00     1,78,22,255.09Cr
                 MUMBAI,ATM CELL, MUMBAI
22-06-2013 RRB ISUER TXN 17.6.13 TO 18.6.13                                    18,07,400.00                        1,60,14,855.09Cr
                 MUMBAI,ATM CELL, MUMBAI
22-06-2013 RRB ISUER TXN 17.6.13 TO 18.6.13                                    74,86,600.00                          85,28,255.09Cr
                 MUMBAI,ATM CELL, MUMBAI
22-06-2013 RRB ISUER TXN 17.6.13 TO 18.6.13                                     9,34,500.00                          75,93,755.09Cr
                 MUMBAI,ATM CELL, MUMBAI
------------------------------------------------------------------------------------------------------------------------------------
  Cumulative Totals:                                                        56,56,26,500.73    57,32,20,255.82       75,93,755.09Cr
------------------------------------------------------------------------------------------------------------------------------------

 00000,bantstsvr,KB389980                                                                                                    PAGE: 1


                                                        UNION BANK OF INDIA
    STATEMENT OF ACCOUNT FOR THE PERIOD FROM 25-04-2013 to 30-06-2013   A/C : 360601020050007
------------------------------------------------------------------------------------------------------------------------------------
 DATE      PARTICULARS                                             CHQ.NO.      WITHDRAWALS           DEPOSITS            BALANCE
------------------------------------------------------------------------------------------------------------------------------------


22-06-2013 RRB AQUIRER  TXN 17.6.13 TO 18.6.13                                                       79,900.00       76,73,655.09Cr
                 MUMBAI,ATM CELL, MUMBAI
22-06-2013 BY TR                                                                                  47,00,000.00     1,23,73,655.09Cr
22-06-2013 BALANCE TRANSFER FROM :519402230170000                                                    43,000.00     1,24,16,655.09Cr
                 MUMBAI,ATM CELL, MUMBAI
22-06-2013 BALANCE TRANSFER FROM :519408250304000                              38,23,400.00                          85,93,255.09Cr
                 MUMBAI,ATM CELL, MUMBAI
24-06-2013 BY TR                                                                                1,39,00,000.00     2,24,93,255.09Cr
24-06-2013 98805085106607000199                                                                       5,000.00     2,24,98,255.09Cr
                 MUMBAI,ATM CELL, MUMBAI
24-06-2013 BALANCE TRANSFER FROM :519402230170000                                                    41,300.00     2,25,39,555.09Cr
                 MUMBAI,ATM CELL, MUMBAI
24-06-2013 BALANCE TRANSFER FROM :519408250304000                              74,52,200.00                        1,50,87,355.09Cr
                 MUMBAI,ATM CELL, MUMBAI
25-06-2013 BY TR                                                                                  75,00,000.00     2,25,87,355.09Cr
25-06-2013 BY TRF                                                                               2,00,00,000.00     4,25,87,355.09Cr
25-06-2013 BALANCE TRANSFER FROM :519408250304000                              49,02,000.00                        3,76,85,355.09Cr
                 MUMBAI,ATM CELL, MUMBAI
26-06-2013 RRB ISUER TXN 19.6.13 TO 22.6.13                                    34,24,300.00                        3,42,61,055.09Cr
                 MUMBAI,ATM CELL, MUMBAI
26-06-2013 RRB ISUER TXN 19.6.13 TO 22.6.13                                  1,41,60,600.00                        2,01,00,455.09Cr
                 MUMBAI,ATM CELL, MUMBAI
26-06-2013 RRB ISUER TXN 19.6.13 TO 22.6.13                                    19,09,900.00                        1,81,90,555.09Cr
                 MUMBAI,ATM CELL, MUMBAI
26-06-2013 RRB AQUIRER TXN 19.6.13 TO 22.6.13                                                      2,34,500.00     1,84,25,055.09Cr
                 MUMBAI,ATM CELL, MUMBAI
26-06-2013 RRB ISSUERER TXN DT 23.6.13                                          5,80,200.00                        1,78,44,855.09Cr
                 MUMBAI,ATM CELL, MUMBAI
26-06-2013 RRB ISSUERER TXN DT 23.6.13                                         23,42,200.00                        1,55,02,655.09Cr
                 MUMBAI,ATM CELL, MUMBAI
26-06-2013  RRB ISSUERER TXN DT 23.6.13                                         2,09,800.00                        1,52,92,855.09Cr
                 MUMBAI,ATM CELL, MUMBAI
26-06-2013 RRB ACQUIRER TX DT 23.6.2013                                                              25,700.00     1,53,18,555.09Cr
                 MUMBAI,ATM CELL, MUMBAI
26-06-2013 77835040193312001054                                                                       5,000.00     1,53,23,555.09Cr
                 MUMBAI,ATM CELL, MUMBAI
26-06-2013 15885040193311000438                                                                       5,000.00     1,53,28,555.09Cr
                 MUMBAI,ATM CELL, MUMBAI
26-06-2013 2198CD5040196826003433                                                                     6,000.00     1,53,34,555.09Cr
                 MUMBAI,ATM CELL, MUMBAI
26-06-2013 BALANCE TRANSFER FROM :519402230170000                                                  1,12,700.00     1,54,47,255.09Cr
                 MUMBAI,ATM CELL, MUMBAI
26-06-2013 BALANCE TRANSFER FROM :519408250304000                              55,29,900.00                          99,17,355.09Cr
                 MUMBAI,ATM CELL, MUMBAI
27-06-2013 BY TRF                                                                               1,26,00,000.00     2,25,17,355.09Cr
27-06-2013 RRB ISSUERER TXN AS OF 24.6.2013                                     5,36,700.00                        2,19,80,655.09Cr
                 MUMBAI,ATM CELL, MUMBAI
27-06-2013 RRB ISSUERER TXN AS OF 24.6.2013                                    10,53,600.00                        2,09,27,055.09Cr
                 MUMBAI,ATM CELL, MUMBAI
27-06-2013 RRB ISSUERER TXN AS OF 24.6.2013                                    39,45,200.00                        1,69,81,855.09Cr
------------------------------------------------------------------------------------------------------------------------------------
  Cumulative Totals:                                                        61,54,96,500.73    63,24,78,355.82     1,69,81,855.09Cr
------------------------------------------------------------------------------------------------------------------------------------

 00000,bantstsvr,KB389980                                                                                                    PAGE: 1


                                                        UNION BANK OF INDIA
    STATEMENT OF ACCOUNT FOR THE PERIOD FROM 25-04-2013 to 30-06-2013   A/C : 360601020050007
------------------------------------------------------------------------------------------------------------------------------------
 DATE      PARTICULARS                                             CHQ.NO.      WITHDRAWALS           DEPOSITS            BALANCE
------------------------------------------------------------------------------------------------------------------------------------


                 MUMBAI,ATM CELL, MUMBAI
27-06-2013 BALANCE TRANSFER FROM :519402230170000                                                    24,000.00     1,70,05,855.09Cr
                 MUMBAI,ATM CELL, MUMBAI
27-06-2013 BALANCE TRANSFER FROM :519408250304000                              40,86,900.00                        1,29,18,955.09Cr
                 MUMBAI,ATM CELL, MUMBAI
28-06-2013 5040193342001413/6907                                                                      2,000.00     1,29,20,955.09Cr
                 MUMBAI,ATM CELL, MUMBAI
28-06-2013 4377  07.06.2013 5040194436000121 FAIL TXN                                                10,000.00     1,29,30,955.09Cr
                 MUMBAI,ATM CELL, MUMBAI
28-06-2013 BY TR                                                                                  96,00,000.00     2,25,30,955.09Cr
28-06-2013 RRB ISUER TXN 25.6.13                                                7,97,800.00                        2,17,33,155.09Cr
                 MUMBAI,ATM CELL, MUMBAI
28-06-2013 RRB AQUIRER TXN 25.6.13                                                                   41,700.00     2,17,74,855.09Cr
                 MUMBAI,ATM CELL, MUMBAI
28-06-2013 RRB ISUER TXN 25.6.13                                                5,31,300.00                        2,12,43,555.09Cr
                 MUMBAI,ATM CELL, MUMBAI
28-06-2013 RRB ISUER TXN 25.6.13                                               34,59,800.00                        1,77,83,755.09Cr
                 MUMBAI,ATM CELL, MUMBAI
28-06-2013 NFS ATM TXN CHGS1.6.13 TO 25.6.13                                    4,43,782.67                        1,73,39,972.42Cr
                 MUMBAI,ATM CELL, MUMBAI
28-06-2013 NFS ATM AQUIRER  TXN CHGS 1.6.13 TO 25.6.13                                               10,348.36     1,73,50,320.78Cr
                 MUMBAI,ATM CELL, MUMBAI
28-06-2013 BALANCE TRANSFER FROM :519402230170000                                                    36,500.00     1,73,86,820.78Cr
                 MUMBAI,ATM CELL, MUMBAI
28-06-2013 BALANCE TRANSFER FROM :519408250304000                              43,61,000.00                        1,30,25,820.78Cr
                 MUMBAI,ATM CELL, MUMBAI
29-06-2013 RRB ISUER TXN 26.6.13                                                5,64,300.00                        1,24,61,520.78Cr
                 MUMBAI,ATM CELL, MUMBAI
29-06-2013 RRB ISUER TXN 26.6.13                                                8,01,000.00                        1,16,60,520.78Cr
                 MUMBAI,ATM CELL, MUMBAI
29-06-2013 RRB ISUER TXN 26.6.13                                               32,86,600.00                          83,73,920.78Cr
                 MUMBAI,ATM CELL, MUMBAI
29-06-2013 BY TRF                                                                                 95,00,000.00     1,78,73,920.78Cr
29-06-2013 BALANCE TRANSFER FROM :519402230170000                                                    54,000.00     1,79,27,920.78Cr
                 MUMBAI,ATM CELL, MUMBAI
29-06-2013 BALANCE TRANSFER FROM :519408250304000                              26,55,500.00                        1,52,72,420.78Cr
                 MUMBAI,ATM CELL, MUMBAI
------------------------------------------------------------------------------------------------------------------------------------
  Cumulative Totals:                                                        63,64,84,483.40    65,17,56,904.18     1,52,72,420.78Cr
------------------------------------------------------------------------------------------------------------------------------------
The Min. Bal. Requirement in (Metro Br.) For Current Account is Rs 5000

    Unless constituent notifies the bank immediately of any discrepancy found
    by him in his statement of Account,it will be taken that he has found the account correct.

E       FASTEST MODE OF FUNDS REMITTANCE-RTGS (UNION BULLET).F
E       IFSC/MICR code for RATHYATRA CROSSING - VARAis UBIN0536067/221026003F
E       F
E  Contact all India toll Free no. 1800 22 22 44 for your account related queries / servicesF


 00000,bantstsvr,KB389980                                                                                                    PAGE: 1


                                                        UNION BANK OF INDIA
    STATEMENT OF ACCOUNT FOR THE PERIOD FROM 25-04-2013 to 30-06-2013   A/C : 360601020050007
------------------------------------------------------------------------------------------------------------------------------------
 DATE      PARTICULARS                                             CHQ.NO.      WITHDRAWALS           DEPOSITS            BALANCE
------------------------------------------------------------------------------------------------------------------------------------


                                                                                                             Manager


















































 00000,bantstsvr,KB389980                                                                                                    PAGE: 1

